[    1526ms] [WARNING] The PerformanceObserver does not support buffered flag with the entryTypes argument. @ https://ir.ebaystatic.com/rs/c/discoveryplatformweb/_DVKLEPoc.js:0
[    2103ms] [LOG] done @ https://www.ebay.com/:4
[   10830ms] [WARNING] The resource https://ir.ebaystatic.com/pictures/aw/pics/s_1x2.gif was preloaded using link preload but not used within a few seconds from the window's load event. Please make sure it has an appropriate `as` value and it is preloaded intentionally. @ https://www.ebay.com/:0
[   15182ms] [ERROR] Failed to load resource: the server responded with a status of 400 () @ https://autosug.ebaystatic.com/autosug?kwd=&sId=206&_rs=1&_richres=1&callback=0&_ts=1:0
[   15182ms] [ERROR] Refused to get unsafe header "xt" @ https://ir.ebaystatic.com/cr/v/c01/ac-050426183034.dweb.min.js?callback=jsonp_1779436242422_2041:1
[   18192ms] [WARNING] The resource https://ir.ebaystatic.com/pictures/aw/pics/s_1x2.gif was preloaded using link preload but not used within a few seconds from the window's load event. Please make sure it has an appropriate `as` value and it is preloaded intentionally. @ https://www.ebay.com/:0
[   22447ms] [WARNING] The resource https://ir.ebaystatic.com/pictures/aw/pics/s_1x2.gif was preloaded using link preload but not used within a few seconds from the window's load event. Please make sure it has an appropriate `as` value and it is preloaded intentionally. @ https://www.ebay.com/:0
[   24673ms] Uncaught TypeError: Cannot read properties of undefined (reading 'res')
    at <anonymous> (https://ir.ebaystatic.com/cr/v/c01/ac-050426183034.dweb.min.js?callback=jsonp_1779436242422_2041:1:37940)
[   28913ms] [LOG] joinUs() at %ce%cb%ca%cy%c! font-weight:bold;color:#e53238; font-weight:bold;color:#0064d2 font-weight:bold;color:#f5af02 font-weight:bold;color:#86b817 color:black @ https://ir.ebaystatic.com/rs/c/srpnweb/common-z90GFZLW.js:1
[   30348ms] [LOG] done @ https://www.ebay.com/sch/i.html?_nkw=shoes&_sacat=0&_from=R40&_trksid=m570.l1313:4
[   30637ms] [WARNING] [GPT] PubAdsService.collapseEmptyDivs is deprecated, use googletag.setConfig({collapseDiv: ...}) instead.
https://goo.gle/gpt-message#170 @ https://securepubads.g.doubleclick.net/pagead/managed/js/gpt/m202605190101/pubads_impl.js?cb=31098679:18
[   30641ms] [WARNING] [GPT] Slot.setTargeting is deprecated, use Slot.setConfig({targeting: ...}) instead.
https://goo.gle/gpt-message#171 @ https://securepubads.g.doubleclick.net/pagead/managed/js/gpt/m202605190101/pubads_impl.js?cb=31098679:18
[   32226ms] [ERROR] Attestation check for Shared Storage on https://www.googleadservices.com failed. @ https://www.googleadservices.com/pagead/managed/js/activeview/current/reach_worklet.html:0
[   32250ms] [ERROR] Attestation check for Shared Storage on https://www.googleadservices.com failed. @ https://www.googleadservices.com/pagead/managed/js/activeview/current/reach_worklet.html:0
[   54776ms] [LOG] joinUs() at %ce%cb%ca%cy%c! font-weight:bold;color:#e53238; font-weight:bold;color:#0064d2 font-weight:bold;color:#f5af02 font-weight:bold;color:#86b817 color:black @ https://ir.ebaystatic.com/rs/c/srpnweb/common-z90GFZLW.js:1
[   55514ms] [LOG] done @ https://www.ebay.com/sch/i.html?_nkw=shoes&_sacat=0&_from=R40&rt=nc&_udhi=50:4
[   56737ms] [WARNING] [GPT] PubAdsService.collapseEmptyDivs is deprecated, use googletag.setConfig({collapseDiv: ...}) instead.
https://goo.gle/gpt-message#170 @ https://securepubads.g.doubleclick.net/pagead/managed/js/gpt/m202605190101/pubads_impl.js?cb=31098679:18
[   56741ms] [WARNING] [GPT] Slot.setTargeting is deprecated, use Slot.setConfig({targeting: ...}) instead.
https://goo.gle/gpt-message#171 @ https://securepubads.g.doubleclick.net/pagead/managed/js/gpt/m202605190101/pubads_impl.js?cb=31098679:18
[   57440ms] [ERROR] Attestation check for Shared Storage on https://www.googleadservices.com failed. @ https://www.googleadservices.com/pagead/managed/js/activeview/current/reach_worklet.html:0
[   57440ms] [ERROR] Attestation check for Shared Storage on https://www.googleadservices.com failed. @ https://www.googleadservices.com/pagead/managed/js/activeview/current/reach_worklet.html:0
[   57968ms] [ERROR] Attestation check for Shared Storage on https://www.googleadservices.com failed. @ https://www.googleadservices.com/pagead/managed/js/activeview/current/reach_worklet.html:0
